// Jest Snapshot v1, https://goo.gl/fbAQLP

exports[`renders adminPage unchanged 1`] = `
<div>
  <div
    class="main"
  >
    <div
      class="container"
    >
      <div
        class="header"
      >
        <div
          class="main"
        >
          <div
            class="item active"
          >
            book
          </div>
          <div
            class="item"
          >
            settings
          </div>
        </div>
      </div>
      <div
        class="content"
      >
        <div
          class="demo"
        >
          <h1
            class="demo"
          >
            Book page
          </h1>
        </div>
      </div>
    </div>
  </div>
</div>
`;
